// Vitest Snapshot v1, https://vitest.dev/guide/snapshot.html

exports[`migration-utils > getMigrations > should return migrations sorted by version 1`] = `
[
  {
    "description": "Sets up initial baseline version.",
    "up": [Function],
    "version": 1,
  },
  {
    "description": "Adds support for multiple providers.",
    "up": [Function],
    "version": 2,
  },
  {
    "description": "Migrates areaBonus Record to islands structure with IslandInstance objects.",
    "up": [Function],
    "version": 3,
  },
]
`;
